.next/dev/types/validator.ts(170,39): error TS2307: Cannot find module '../../../app/(hospital)/hospital/dashboard/setup/notifications/page.js' or its corresponding type declarations.
.next/types/validator.ts(170,39): error TS2307: Cannot find module '../../app/(hospital)/hospital/dashboard/setup/notifications/page.js' or its corresponding type declarations.
api/followups/index.ts(43,69): error TS2345: Argument of type 'string | undefined' is not assignable to parameter of type 'string'.
  Type 'undefined' is not assignable to type 'string'.
api/notifications/index.ts(29,11): error TS18047: 'logRes.rowCount' is possibly 'null'.
api/notifications/index.ts(51,11): error TS18047: 'logRes.rowCount' is possibly 'null'.
app/(hospital)/hospital/dashboard/layout.tsx(88,61): error TS2322: Type 'string | null | undefined' is not assignable to type 'string'.
  Type 'undefined' is not assignable to type 'string'.
app/(hospital)/hospital/dashboard/setup/billing/page.tsx(365,41): error TS7006: Parameter 'v' implicitly has an 'any' type.
app/(hospital)/hospital/dashboard/setup/branches/page.tsx(378,16): error TS7006: Parameter 'prev' implicitly has an 'any' type.
app/(hospital)/hospital/dashboard/setup/branches/page.tsx(390,14): error TS7006: Parameter 'prev' implicitly has an 'any' type.
app/(hospital)/hospital/dashboard/setup/branches/page.tsx(393,35): error TS7006: Parameter 'f' implicitly has an 'any' type.
app/(hospital)/hospital/dashboard/setup/departments/page.tsx(419,68): error TS2532: Object is possibly 'undefined'.
app/(hospital)/hospital/dashboard/setup/doctors/page.tsx(286,37): error TS7006: Parameter 'v' implicitly has an 'any' type.
app/(hospital)/hospital/dashboard/setup/doctors/page.tsx(391,37): error TS7006: Parameter 'v' implicitly has an 'any' type.
app/(hospital)/hospital/dashboard/setup/doctors/page.tsx(468,25): error TS2322: Type '{ checked: any; onCheckedChange: () => void; className: string; }' is not assignable to type 'IntrinsicAttributes & InputHTMLAttributes<HTMLInputElement> & RefAttributes<HTMLInputElement>'.
  Property 'onCheckedChange' does not exist on type 'IntrinsicAttributes & InputHTMLAttributes<HTMLInputElement> & RefAttributes<HTMLInputElement>'.
app/(hospital)/hospital/dashboard/setup/identity/page.tsx(214,5): error TS2719: Type 'import("C:/Users/heman/.gemini/antigravity/scratch/haspataal/node_modules/react-hook-form/dist/types/resolvers").Resolver<{ legalName: string; displayName: string; hospitalType: "HOSPITAL" | "CLINIC" | "DIAGNOSTIC_CENTER" | "MULTISPECIALTY" | "NURSING_HOME" | "CORPORATE"; contactNumber: string; addressLine1: string;...' is not assignable to type 'import("C:/Users/heman/.gemini/antigravity/scratch/haspataal/node_modules/react-hook-form/dist/types/resolvers").Resolver<{ legalName: string; displayName: string; hospitalType: "HOSPITAL" | "CLINIC" | "DIAGNOSTIC_CENTER" | "MULTISPECIALTY" | "NURSING_HOME" | "CORPORATE"; contactNumber: string; addressLine1: string;...'. Two different types with this name exist, but they are unrelated.
  Types of parameters 'options' and 'options' are incompatible.
    Type 'import("C:/Users/heman/.gemini/antigravity/scratch/haspataal/node_modules/react-hook-form/dist/types/resolvers").ResolverOptions<{ legalName: string; displayName: string; hospitalType: "HOSPITAL" | "CLINIC" | "DIAGNOSTIC_CENTER" | "MULTISPECIALTY" | "NURSING_HOME" | "CORPORATE"; contactNumber: string; addressLine1: ...' is not assignable to type 'import("C:/Users/heman/.gemini/antigravity/scratch/haspataal/node_modules/react-hook-form/dist/types/resolvers").ResolverOptions<{ legalName: string; displayName: string; hospitalType: "HOSPITAL" | "CLINIC" | "DIAGNOSTIC_CENTER" | "MULTISPECIALTY" | "NURSING_HOME" | "CORPORATE"; contactNumber: string; addressLine1: ...'. Two different types with this name exist, but they are unrelated.
      Type 'boolean | undefined' is not assignable to type 'boolean'.
        Type 'undefined' is not assignable to type 'boolean'.
app/(hospital)/hospital/dashboard/setup/identity/page.tsx(316,19): error TS2339: Property 'warn' does not exist on type '((message: titleT, data?: ExternalToast | undefined) => string | number) & { success: (message: string | number | bigint | boolean | ReactElement<unknown, string | JSXElementConstructor<any>> | ... 5 more ... | undefined, data?: ExternalToast | undefined) => string | number; ... 7 more ...; loading: (message: string...'.
app/(hospital)/hospital/dashboard/setup/identity/page.tsx(330,18): error TS2769: No overload matches this call.
  Overload 1 of 2, '(timeout: string | number | Timeout | undefined): void', gave the following error.
    Argument of type 'Timeout | null' is not assignable to parameter of type 'string | number | Timeout | undefined'.
      Type 'null' is not assignable to type 'string | number | Timeout | undefined'.
  Overload 2 of 2, '(id: number | undefined): void', gave the following error.
    Argument of type 'Timeout | null' is not assignable to parameter of type 'number | undefined'.
      Type 'null' is not assignable to type 'number | undefined'.
app/(hospital)/hospital/dashboard/setup/identity/page.tsx(334,31): error TS2769: No overload matches this call.
  Overload 1 of 2, '(timeout: string | number | Timeout | undefined): void', gave the following error.
    Argument of type 'Timeout | null' is not assignable to parameter of type 'string | number | Timeout | undefined'.
      Type 'null' is not assignable to type 'string | number | Timeout | undefined'.
  Overload 2 of 2, '(id: number | undefined): void', gave the following error.
    Argument of type 'Timeout | null' is not assignable to parameter of type 'number | undefined'.
      Type 'null' is not assignable to type 'number | undefined'.
app/(hospital)/hospital/dashboard/setup/identity/page.tsx(440,36): error TS2345: Argument of type '(data: IdentityForm) => Promise<void>' is not assignable to parameter of type 'SubmitHandler<TFieldValues>'.
  Types of parameters 'data' and 'data' are incompatible.
    Type 'TFieldValues' is not assignable to type '{ legalName: string; displayName: string; hospitalType: "HOSPITAL" | "CLINIC" | "DIAGNOSTIC_CENTER" | "MULTISPECIALTY" | "NURSING_HOME" | "CORPORATE"; contactNumber: string; addressLine1: string; ... 23 more ...; faviconUrl?: string | undefined; }'.
      Type 'FieldValues' is missing the following properties from type '{ legalName: string; displayName: string; hospitalType: "HOSPITAL" | "CLINIC" | "DIAGNOSTIC_CENTER" | "MULTISPECIALTY" | "NURSING_HOME" | "CORPORATE"; contactNumber: string; addressLine1: string; ... 23 more ...; faviconUrl?: string | undefined; }': legalName, displayName, hospitalType, contactNumber, and 9 more.
app/(hospital)/hospital/dashboard/setup/integrations/page.tsx(690,39): error TS7006: Parameter 'v' implicitly has an 'any' type.
app/(hospital)/hospital/dashboard/setup/integrations/page.tsx(712,39): error TS7006: Parameter 'v' implicitly has an 'any' type.
app/(hospital)/hospital/dashboard/setup/marketplace/page.tsx(452,37): error TS7006: Parameter 'v' implicitly has an 'any' type.
app/(hospital)/hospital/dashboard/setup/opd/page.tsx(155,37): error TS7006: Parameter 'v' implicitly has an 'any' type.
app/(hospital)/hospital/dashboard/setup/opd/page.tsx(379,35): error TS7006: Parameter 'v' implicitly has an 'any' type.
app/(hospital)/hospital/dashboard/setup/page.tsx(206,56): error TS2532: Object is possibly 'undefined'.
app/(hospital)/hospital/dashboard/setup/page.tsx(207,61): error TS2532: Object is possibly 'undefined'.
app/(hospital)/hospital/dashboard/setup/page.tsx(237,21): error TS2345: Argument of type 'string | undefined' is not assignable to parameter of type 'SetStateAction<string>'.
  Type 'undefined' is not assignable to type 'SetStateAction<string>'.
app/(hospital)/hospital/dashboard/setup/page.tsx(279,36): error TS2345: Argument of type '{ id: string; title: string; subtitle: string; icon: ForwardRefExoticComponent<Omit<LucideProps, "ref"> & RefAttributes<SVGSVGElement>>; ... 4 more ...; warning: string; } | undefined' is not assignable to parameter of type '{ id: string; title: string; subtitle: string; icon: React.ForwardRefExoticComponent<Omit<LucideProps, "ref"> & React.RefAttributes<SVGSVGElement>>; ... 4 more ...; warning: string; }'.
  Type 'undefined' is not assignable to type '{ id: string; title: string; subtitle: string; icon: React.ForwardRefExoticComponent<Omit<LucideProps, "ref"> & React.RefAttributes<SVGSVGElement>>; ... 4 more ...; warning: string; }'.
app/(hospital)/hospital/dashboard/setup/page.tsx(313,9): error TS18048: 'activeStepDef' is possibly 'undefined'.
app/(hospital)/hospital/dashboard/setup/page.tsx(316,19): error TS18048: 'activeStepDef' is possibly 'undefined'.
app/(hospital)/hospital/dashboard/setup/page.tsx(537,17): error TS2322: Type '{ id: string; title: string; subtitle: string; icon: ForwardRefExoticComponent<Omit<LucideProps, "ref"> & RefAttributes<SVGSVGElement>>; ... 4 more ...; warning: string; } | undefined' is not assignable to type '{ id: string; title: string; subtitle: string; icon: React.ForwardRefExoticComponent<Omit<LucideProps, "ref"> & React.RefAttributes<SVGSVGElement>>; ... 4 more ...; warning: string; }'.
  Type 'undefined' is not assignable to type '{ id: string; title: string; subtitle: string; icon: React.ForwardRefExoticComponent<Omit<LucideProps, "ref"> & React.RefAttributes<SVGSVGElement>>; ... 4 more ...; warning: string; }'.
app/(hospital)/hospital/dashboard/setup/staff/page.tsx(212,50): error TS7006: Parameter 'v' implicitly has an 'any' type.
app/(hospital)/hospital/dashboard/setup/staff/page.tsx(340,33): error TS7006: Parameter 'v' implicitly has an 'any' type.
app/(hospital)/hospital/dashboard/setup/staff/page.tsx(360,33): error TS7006: Parameter 'v' implicitly has an 'any' type.
app/(patient)/page.tsx(49,31): error TS7053: Element implicitly has an 'any' type because expression of type '0' can't be used to index type '{ id: string; doctorId: string; doctorName: string; specialization: string; patientName: string; createdAt: string | null; amountPaid: number; hospitalId: string; date: Date; slot: string; status: AppointmentStatus; patientId: string; }[] | ... 9 more ... | ({ ...; } & { ...; })[]'.
  Property '0' does not exist on type '{ id: string; doctorId: string; doctorName: string; specialization: string; patientName: string; createdAt: string | null; amountPaid: number; hospitalId: string; date: Date; slot: string; status: AppointmentStatus; patientId: string; }[] | ... 9 more ... | ({ ...; } & { ...; })[]'.
app/(patient)/page.tsx(49,49): error TS7053: Element implicitly has an 'any' type because expression of type '0' can't be used to index type '{ id: string; doctorId: string; doctorName: string; specialization: string; patientName: string; createdAt: string | null; amountPaid: number; hospitalId: string; date: Date; slot: string; status: AppointmentStatus; patientId: string; }[] | ... 9 more ... | ({ ...; } & { ...; })[]'.
  Property '0' does not exist on type '{ id: string; doctorId: string; doctorName: string; specialization: string; patientName: string; createdAt: string | null; amountPaid: number; hospitalId: string; date: Date; slot: string; status: AppointmentStatus; patientId: string; }[] | ... 9 more ... | ({ ...; } & { ...; })[]'.
app/actions.ts(122,18): error TS2532: Object is possibly 'undefined'.
app/actions.ts(239,52): error TS2345: Argument of type '{ mimeType: string; data: string; } | null' is not assignable to parameter of type '{ mimeType: string; data: string; } | undefined'.
  Type 'null' is not assignable to type '{ mimeType: string; data: string; } | undefined'.
app/actions.ts(436,41): error TS18048: 'firstError' is possibly 'undefined'.
app/actions.ts(477,41): error TS18048: 'firstError' is possibly 'undefined'.
app/actions.ts(517,41): error TS18048: 'firstError' is possibly 'undefined'.
app/actions.ts(1375,36): error TS18048: 'firstError' is possibly 'undefined'.
app/actions.ts(1375,67): error TS18048: 'firstError' is possibly 'undefined'.
app/actions.ts(1382,13): error TS2339: Property 'probable_differentials_hidden' does not exist on type '{}'.
app/actions.ts(1382,44): error TS2339: Property 'risk_score_internal' does not exist on type '{}'.
app/api/hospital/billing/gateways/route.ts(24,26): error TS2769: No overload matches this call.
  Overload 1 of 4, '(arrayBuffer: WithImplicitCoercion<ArrayBufferLike>, byteOffset?: number | undefined, length?: number | undefined): Buffer<ArrayBufferLike>', gave the following error.
    Argument of type 'string | undefined' is not assignable to parameter of type 'WithImplicitCoercion<ArrayBufferLike>'.
      Type 'undefined' is not assignable to type 'WithImplicitCoercion<ArrayBufferLike>'.
  Overload 2 of 4, '(string: WithImplicitCoercion<string>, encoding?: BufferEncoding | undefined): Buffer<ArrayBuffer>', gave the following error.
    Argument of type 'string | undefined' is not assignable to parameter of type 'WithImplicitCoercion<string>'.
      Type 'undefined' is not assignable to type 'WithImplicitCoercion<string>'.
app/api/hospital/billing/gateways/route.ts(25,37): error TS2769: No overload matches this call.
  Overload 1 of 4, '(arrayBuffer: WithImplicitCoercion<ArrayBufferLike>, byteOffset?: number | undefined, length?: number | undefined): Buffer<ArrayBufferLike>', gave the following error.
    Argument of type 'string | undefined' is not assignable to parameter of type 'WithImplicitCoercion<ArrayBufferLike>'.
      Type 'undefined' is not assignable to type 'WithImplicitCoercion<ArrayBufferLike>'.
  Overload 2 of 4, '(string: WithImplicitCoercion<string>, encoding?: BufferEncoding | undefined): Buffer<ArrayBuffer>', gave the following error.
    Argument of type 'string | undefined' is not assignable to parameter of type 'WithImplicitCoercion<string>'.
      Type 'undefined' is not assignable to type 'WithImplicitCoercion<string>'.
app/api/hospital/billing/profile/route.ts(19,7): error TS2353: Object literal may only specify known properties, and 'bankAccountNo' does not exist in type 'HospitalsMasterSelect<DefaultArgs>'.
app/api/hospital/billing/profile/route.ts(63,9): error TS2353: Object literal may only specify known properties, and 'bankAccountNo' does not exist in type '(Without<HospitalsMasterUpdateInput, HospitalsMasterUncheckedUpdateInput> & HospitalsMasterUncheckedUpdateInput) | (Without<...> & HospitalsMasterUpdateInput)'.
app/api/hospital/doctors/route.ts(95,11): error TS2322: Type 'string | null' is not assignable to type 'string | StringFieldUpdateOperationsInput | undefined'.
  Type 'null' is not assignable to type 'string | StringFieldUpdateOperationsInput | undefined'.
app/api/hospital/doctors/route.ts(101,11): error TS2322: Type 'string | null' is not assignable to type 'string'.
  Type 'null' is not assignable to type 'string'.
app/sitemap.ts(30,77): error TS18046: 'error' is of type 'unknown'.
lib/infrastructure/__tests__/slot-engine.spec.ts(60,60): error TS7006: Parameter 'callback' implicitly has an 'any' type.
lib/infrastructure/__tests__/slot-engine.spec.ts(75,60): error TS7006: Parameter 'callback' implicitly has an 'any' type.
lib/infrastructure/__tests__/slot-engine.spec.ts(90,60): error TS7006: Parameter 'callback' implicitly has an 'any' type.
lib/infrastructure/outbox-worker.ts(28,13): error TS2322: Type 'JsonValue' is not assignable to type 'JsonNull | InputJsonValue | undefined'.
  Type 'null' is not assignable to type 'JsonNull | InputJsonValue | undefined'.
lib/infrastructure/redlock.ts(1,21): error TS7016: Could not find a declaration file for module 'redlock'. 'C:/Users/heman/.gemini/antigravity/scratch/haspataal/node_modules/redlock/redlock.js' implicitly has an 'any' type.
  Try `npm i --save-dev @types/redlock` if it exists or add a new declaration (.d.ts) file containing `declare module 'redlock';`
lib/infrastructure/redlock.ts(31,22): error TS7006: Parameter 'err' implicitly has an 'any' type.
lib/rate-limit.ts(58,31): error TS2532: Object is possibly 'undefined'.
lib/repositories/PrismaPatientRepository.ts(66,7): error TS2322: Type 'Partial<PatientRecord>' is not assignable to type '(Without<PatientUpdateInput, PatientUncheckedUpdateInput> & PatientUncheckedUpdateInput) | (Without<...> & PatientUpdateInput)'.
  Type 'Partial<PatientRecord>' is not assignable to type 'Without<PatientUncheckedUpdateInput, PatientUpdateInput> & PatientUpdateInput'.
    Type 'Partial<PatientRecord>' is not assignable to type 'PatientUpdateInput'.
      Types of property 'name' are incompatible.
        Type 'string | null | undefined' is not assignable to type 'string | StringFieldUpdateOperationsInput | undefined'.
          Type 'null' is not assignable to type 'string | StringFieldUpdateOperationsInput | undefined'.
lib/services.ts(485,33): error TS2345: Argument of type 'number | undefined' is not assignable to parameter of type 'number'.
  Type 'undefined' is not assignable to type 'number'.
lib/services.ts(642,32): error TS2345: Argument of type 'number | undefined' is not assignable to parameter of type 'number'.
  Type 'undefined' is not assignable to type 'number'.
lib/setup/completion-engine.ts(398,47): error TS2345: Argument of type '{ id: string; weight: number; check: (hospitalId: string) => Promise<{ complete: boolean; score: number; warnings: string[]; }>; } | undefined' is not assignable to parameter of type '{ id: string; weight: number; check: (hospitalId: string) => Promise<{ complete: boolean; score: number; warnings: string[]; }>; }'.
  Type 'undefined' is not assignable to type '{ id: string; weight: number; check: (hospitalId: string) => Promise<{ complete: boolean; score: number; warnings: string[]; }>; }'.
lib/setup/completion-engine.ts(400,13): error TS18048: 'step' is possibly 'undefined'.
lib/setup/completion-engine.ts(401,17): error TS18048: 'step' is possibly 'undefined'.
lib/setup/completion-engine.ts(405,63): error TS18048: 'step' is possibly 'undefined'.
lib/setup/completion-engine.ts(407,13): error TS18048: 'step' is possibly 'undefined'.
lib/setup/completion-engine.ts(408,17): error TS18048: 'step' is possibly 'undefined'.
lib/supabase.ts(16,42): error TS7006: Parameter 'file' implicitly has an 'any' type.
lib/supabase.ts(16,48): error TS7006: Parameter 'patientId' implicitly has an 'any' type.
lib/use-cases/appointment/CancelAppointmentUseCase.ts(63,30): error TS2345: Argument of type 'number | undefined' is not assignable to parameter of type 'number'.
  Type 'undefined' is not assignable to type 'number'.
lib/use-cases/appointment/GetAvailableSlotsUseCase.ts(50,31): error TS2345: Argument of type 'number | undefined' is not assignable to parameter of type 'number'.
  Type 'undefined' is not assignable to type 'number'.
lib/utils/pure-functions.ts(17,29): error TS2345: Argument of type 'number | undefined' is not assignable to parameter of type 'number'.
  Type 'undefined' is not assignable to type 'number'.
modules/ipd/index.ts(96,80): error TS2345: Argument of type 'string | undefined' is not assignable to parameter of type 'string'.
  Type 'undefined' is not assignable to type 'string'.
scripts/stress-test.ts(49,22): error TS7006: Parameter 'e' implicitly has an 'any' type.
scripts/stress-test.ts(73,37): error TS2769: No overload matches this call.
  Overload 1 of 4, '(value: string | number | Date): Date', gave the following error.
    Argument of type 'string | undefined' is not assignable to parameter of type 'string | number | Date'.
      Type 'undefined' is not assignable to type 'string | number | Date'.
  Overload 2 of 4, '(value: string | number): Date', gave the following error.
    Argument of type 'string | undefined' is not assignable to parameter of type 'string | number'.
      Type 'undefined' is not assignable to type 'string | number'.
scripts/stress-test.ts(97,76): error TS18046: 'cleanupErr' is of type 'unknown'.
scripts/verify-stability.ts(25,17): error TS18048: 'h' is possibly 'undefined'.
scripts/verify-stability.ts(26,35): error TS18048: 'h' is possibly 'undefined'.
scripts/verify-stability.ts(26,49): error TS18048: 'h' is possibly 'undefined'.
services/analytics.service.ts(104,11): error TS18047: 'res.rowCount' is possibly 'null'.
services/retention.service.ts(98,11): error TS18047: 'res.rowCount' is possibly 'null'.
tests/integration/server-actions.test.ts(89,14): error TS2532: Object is possibly 'undefined'.
tests/rate-limit.test.ts(30,39): error TS7053: Element implicitly has an 'any' type because expression of type '"redis"' can't be used to index type '(key: string, limit: number, windowSeconds: number) => Promise<{ allowed: boolean; remaining: number; }>'.
  Property 'redis' does not exist on type '(key: string, limit: number, windowSeconds: number) => Promise<{ allowed: boolean; remaining: number; }>'.
tests/rate-limit.test.ts(33,40): error TS2339: Property 'check' does not exist on type '(key: string, limit: number, windowSeconds: number) => Promise<{ allowed: boolean; remaining: number; }>'.
tests/rate-limit.test.ts(43,39): error TS7053: Element implicitly has an 'any' type because expression of type '"redis"' can't be used to index type '(key: string, limit: number, windowSeconds: number) => Promise<{ allowed: boolean; remaining: number; }>'.
  Property 'redis' does not exist on type '(key: string, limit: number, windowSeconds: number) => Promise<{ allowed: boolean; remaining: number; }>'.
tests/rate-limit.test.ts(46,40): error TS2339: Property 'check' does not exist on type '(key: string, limit: number, windowSeconds: number) => Promise<{ allowed: boolean; remaining: number; }>'.
tests/rate-limit.test.ts(61,29): error TS2345: Argument of type '"check"' is not assignable to parameter of type 'never'.
tests/rate-limit.test.ts(61,60): error TS2345: Argument of type '{ allowed: boolean; remaining: number; resetAt: Date; }' is not assignable to parameter of type 'never'.
tests/rate-limit.test.ts(71,9): error TS2353: Object literal may only specify known properties, and 'windowMs' does not exist in type '{ actionName: string; limit: number; windowSeconds: number; }'.
tests/rate-limit.test.ts(79,26): error TS2339: Property 'check' does not exist on type '(key: string, limit: number, windowSeconds: number) => Promise<{ allowed: boolean; remaining: number; }>'.
tests/rate-limit.test.ts(87,29): error TS2345: Argument of type '"check"' is not assignable to parameter of type 'never'.
tests/rate-limit.test.ts(87,60): error TS2345: Argument of type '{ allowed: boolean; remaining: number; resetAt: Date; }' is not assignable to parameter of type 'never'.
tests/rate-limit.test.ts(97,9): error TS2353: Object literal may only specify known properties, and 'windowMs' does not exist in type '{ actionName: string; limit: number; windowSeconds: number; }'.
tests/unit/schemas.test.ts(35,16): error TS2532: Object is possibly 'undefined'.
tests/unit/schemas.test.ts(50,16): error TS2532: Object is possibly 'undefined'.
